------------------------------------------------------------
Timing Analyzer Summary
------------------------------------------------------------

Type  : Slow 900mV 100C Model Setup 'CLK'
Slack : -1.427
TNS   : -25.556

Type  : Slow 900mV 100C Model Hold 'CLK'
Slack : 0.319
TNS   : 0.000

Type  : Slow 900mV 100C Model Recovery 'CLK'
Slack : -0.157
TNS   : -2.041

Type  : Slow 900mV 100C Model Removal 'CLK'
Slack : 0.520
TNS   : 0.000

Type  : Slow 900mV 100C Model Minimum Pulse Width 'CLK'
Slack : -2.846
TNS   : -63.694

Type  : Slow 900mV -40C Model Setup 'CLK'
Slack : -1.317
TNS   : -22.797

Type  : Slow 900mV -40C Model Hold 'CLK'
Slack : 0.284
TNS   : 0.000

Type  : Slow 900mV -40C Model Recovery 'CLK'
Slack : -0.102
TNS   : -1.326

Type  : Slow 900mV -40C Model Removal 'CLK'
Slack : 0.483
TNS   : 0.000

Type  : Slow 900mV -40C Model Minimum Pulse Width 'CLK'
Slack : -2.846
TNS   : -63.674

Type  : Fast 900mV -40C Model Setup 'CLK'
Slack : -0.195
TNS   : -0.491

Type  : Fast 900mV -40C Model Hold 'CLK'
Slack : 0.174
TNS   : 0.000

Type  : Fast 900mV -40C Model Recovery 'CLK'
Slack : 0.409
TNS   : 0.000

Type  : Fast 900mV -40C Model Removal 'CLK'
Slack : 0.262
TNS   : 0.000

Type  : Fast 900mV -40C Model Minimum Pulse Width 'CLK'
Slack : -2.846
TNS   : -27.829

------------------------------------------------------------
